app/(root)/products/[slug]/page.tsx(66,42): error TS7006: Parameter 'item' implicitly has an 'any' type.
app/(root)/products/[slug]/page.tsx(94,57): error TS2322: Type 'unknown' is not assignable to type 'ReactNode'.
app/api/webhooks/stripe/route.ts(8,7): error TS2322: Type '"2024-04-10"' is not assignable to type '"2023-10-16"'.
